WARNING: We recommend using a newer Android Gradle plugin to use compileSdk = 34

This Android Gradle plugin (8.0.2) was tested up to compileSdk = 33.

You are strongly encouraged to update your project to use a newer
Android Gradle plugin that has been tested with compileSdk = 34.

If you are already using the latest version of the Android Gradle plugin,
you may need to wait until a newer version with support for compileSdk = 34 is available.

To suppress this warning, add/update
    android.suppressUnsupportedCompileSdk=34
to this project's gradle.properties.
> Task :app:preBuild UP-TO-DATE
> Task :app:preDebugBuild UP-TO-DATE
> Task :app:mergeDebugNativeDebugMetadata NO-SOURCE
> Task :app:checkDebugAarMetadata UP-TO-DATE
> Task :app:generateDebugResValues UP-TO-DATE
> Task :app:mapDebugSourceSetPaths UP-TO-DATE
> Task :app:generateDebugResources UP-TO-DATE
> Task :app:mergeDebugResources UP-TO-DATE
> Task :app:packageDebugResources UP-TO-DATE
> Task :app:parseDebugLocalResources UP-TO-DATE
> Task :app:createDebugCompatibleScreenManifests UP-TO-DATE
> Task :app:extractDeepLinksDebug UP-TO-DATE
> Task :app:processDebugMainManifest UP-TO-DATE
> Task :app:processDebugManifest UP-TO-DATE
> Task :app:processDebugManifestForPackage UP-TO-DATE
> Task :app:processDebugResources UP-TO-DATE
> Task :app:compileDebugKotlin NO-SOURCE
> Task :app:javaPreCompileDebug UP-TO-DATE
> Task :app:compileDebugJavaWithJavac UP-TO-DATE
> Task :app:mergeDebugShaders UP-TO-DATE
> Task :app:compileDebugShaders NO-SOURCE
> Task :app:generateDebugAssets UP-TO-DATE
> Task :app:mergeDebugAssets UP-TO-DATE
> Task :app:compressDebugAssets UP-TO-DATE
> Task :app:processDebugJavaRes NO-SOURCE
> Task :app:mergeDebugJavaResource UP-TO-DATE
> Task :app:checkDebugDuplicateClasses UP-TO-DATE
> Task :app:desugarDebugFileDependencies UP-TO-DATE
> Task :app:mergeExtDexDebug UP-TO-DATE
> Task :app:mergeLibDexDebug UP-TO-DATE
> Task :app:dexBuilderDebug UP-TO-DATE
> Task :app:mergeProjectDexDebug UP-TO-DATE
> Task :app:configureCMakeDebug[arm64-v8a]

> Task :app:buildCMakeDebug[arm64-v8a] FAILED
C/C++: ninja: Entering directory `C:\github\PhantomPad\app\.cxx\Debug\462yf421\arm64-v8a'
C/C++: C:\Users\Administrator\AppData\Local\Android\Sdk\ndk\25.2.9519653\toolchains\llvm\prebuilt\windows-x86_64\bin\clang++.exe --target=aarch64-none-linux-android24 --sysroot=C:/Users/Administrator/AppData/Local/Android/Sdk/ndk/25.2.9519653/toolchains/llvm/prebuilt/windows-x86_64/sysroot -Dxposedlab_EXPORTS -IC:/github/PhantomPad/app/src/main/cpp/KittyMemory -IC:/github/PhantomPad/app/src/main/cpp/phantom -IC:/github/PhantomPad/app/src/main/cpp/ffmpeg -IC:/Users/Administrator/AppData/Local/Android/Sdk/ndk/25.2.9519653/sysroot/usr/include -g -DANDROID -fdata-sections -ffunction-sections -funwind-tables -fstack-protector-strong -no-canonical-prefixes -D_FORTIFY_SOURCE=2 -Wformat -Werror=format-security  -std=c++20 -fno-limit-debug-info  -fPIC -MD -MT CMakeFiles/xposedlab.dir/phantom/PhantomBridge.cpp.o -MF CMakeFiles\xposedlab.dir\phantom\PhantomBridge.cpp.o.d -o CMakeFiles/xposedlab.dir/phantom/PhantomBridge.cpp.o -c C:/github/PhantomPad/app/src/main/cpp/phantom/PhantomBridge.cpp
C/C++: C:/github/PhantomPad/app/src/main/cpp/phantom/PhantomBridge.cpp:5:10: fatal error: '../log.h' file not found
C/C++: #include "../log.h"
C/C++:          ^~~~~~~~~~
C/C++: 1 error generated.
./gradlew : 
At line:1 char:1
+ ./gradlew 
assembleDebug > 
build_output.txt 2>&1
+ ~~~~~~~~~~~~~~~~~~~~~
~~~~~~~~~~~~~~~~~~~~~~~
~~~
    + CategoryInfo     
         : NotSpecifi  
  ed: (:String) [],    
 RemoteException
    + FullyQualifiedEr 
   rorId : NativeComm  
  andError
 
FAILURE: Build failed 
with an exception.

* What went wrong:
Execution failed for 
task ':app:buildCMakeDe
bug[arm64-v8a]'.
> com.android.ide.commo
n.process.ProcessExcept
ion: ninja: Entering 
directory `C:\github\Ph
antomPad\app\.cxx\Debug
\462yf421\arm64-v8a'
  [1/2] Building CXX 
object CMakeFiles/xpose
dlab.dir/phantom/Phanto
mBridge.cpp.o
  FAILED: CMakeFiles/xp
osedlab.dir/phantom/Pha
ntomBridge.cpp.o 
  C:\Users\Administrato
r\AppData\Local\Android
\Sdk\ndk\25.2.9519653\t
oolchains\llvm\prebuilt
\windows-x86_64\bin\cla
ng++.exe --target=aarch
64-none-linux-android24
 --sysroot=C:/Users/Adm
inistrator/AppData/Loca
l/Android/Sdk/ndk/25.2.
9519653/toolchains/llvm
/prebuilt/windows-x86_6
4/sysroot 
-Dxposedlab_EXPORTS -IC
:/github/PhantomPad/app
/src/main/cpp/KittyMemo
ry -IC:/github/PhantomP
ad/app/src/main/cpp/pha
ntom -IC:/github/Phanto
mPad/app/src/main/cpp/f
fmpeg -IC:/Users/Admini
strator/AppData/Local/A
ndroid/Sdk/ndk/25.2.951
9653/sysroot/usr/includ
e -g -DANDROID 
-fdata-sections 
-ffunction-sections 
-funwind-tables -fstack
-protector-strong 
-no-canonical-prefixes 
-D_FORTIFY_SOURCE=2 
-Wformat -Werror=format
-security  -std=c++20 
-fno-limit-debug-info  
-fPIC -MD -MT CMakeFile
s/xposedlab.dir/phantom
/PhantomBridge.cpp.o 
-MF CMakeFiles\xposedla
b.dir\phantom\PhantomBr
idge.cpp.o.d -o CMakeFi
les/xposedlab.dir/phant
om/PhantomBridge.cpp.o 
-c C:/github/PhantomPad
/app/src/main/cpp/phant
om/PhantomBridge.cpp
  C:/github/PhantomPad/
app/src/main/cpp/phanto
m/PhantomBridge.cpp:5:1
0: fatal error: 
'../log.h' file not 
found
  #include "../log.h"
           ^~~~~~~~~~
  1 error generated.
  ninja: build 
stopped: subcommand 
failed.
  
  C++ build system 
[build] failed while 
executing:
      @echo off
      "C:\\Users\\Admin
istrator\\AppData\\Loca
l\\Android\\Sdk\\cmake\
\3.22.1\\bin\\ninja.exe
" ^
        -C ^
        "C:\\github\\Ph
antomPad\\app\\.cxx\\De
bug\\462yf421\\arm64-v8
a" ^

Deprecated Gradle features were used in this build, making it incompatible with Gradle 9.0.

You can use '--warning-mode all' to show the individual deprecation warnings and determine if they come from your own scripts or plugins.

For more on this, please refer to https://docs.gradle.org/8.7/userguide/command_line_interface.html#sec:command_line_warnings in the Gradle documentation.
26 actionable tasks: 2 executed, 24 up-to-date
        xposedlab
    from C:\github\Phan
tomPad\app

* Try:
> Run with 
--stacktrace option to 
get the stack trace.
> Run with --info or 
--debug option to get 
more log output.
> Run with --scan to 
get full insights.
> Get more help at http
s://help.gradle.org.

BUILD FAILED in 3s
